// Jest Snapshot v1, https://goo.gl/fbAQLP

exports[`renders homepage unchanged 1`] = `
<div>
  <div
    data-testid="container"
  >
    <main
      data-testid="main"
    >
      <h1
        class="text-2xl"
        data-testid="header"
      >
        Sleep Behavior App
      </h1>
      <form
        data-testid="form"
      >
        <div
          class="flex flex-col my-3"
        >
          <label
            class="text-gray-500 text-sm"
            for="Duration in bed"
          >
            Duration in bed
          </label>
          <div
            class="flex"
          >
            <select
              class="max-w-fit bg-gray-200 p-1.5 mr-1.5"
              data-testid="Duration in bed"
              id="Duration in bed"
              name="Duration in bed"
            >
              <option
                value="0"
              >
                0 mins
              </option>
              <option
                value="30"
              >
                30 mins
              </option>
              <option
                value="60"
              >
                1 hour
              </option>
              <option
                value="90"
              >
                1.5 hours
              </option>
            </select>
          </div>
        </div>
        <div
          class="flex flex-col my-3"
        >
          <label
            class="text-gray-500 text-sm"
            for="Duration asleep"
          >
            Duration asleep
          </label>
          <div
            class="flex"
          >
            <select
              class="max-w-fit bg-gray-200 p-1.5 mr-1.5"
              data-testid="Duration asleep"
              disabled=""
              id="Duration asleep"
              name="Duration asleep"
            >
              <option
                value="0"
              >
                0 mins
              </option>
            </select>
          </div>
        </div>
        <button
          class="disabled:bg-gray-400 px-5 py-2 bg-gray-800 text-white mt-3"
          data-testid="submit-button"
          disabled=""
          type="submit"
        >
          Select values
        </button>
      </form>
      <h2
        class="my-10 text-gray-600"
        data-testid="output-text"
      >
        Output:
        <span
          class="text-amber-500"
          data-testid="loading"
        >
           Loading...
        </span>
      </h2>
    </main>
  </div>
</div>
`;
